This is a simple paragraph that should w
rap around the configured width without 
any styling.

