Paragraph with link (https://example.org
), code, em and strong.

