> Quote that should wrap into multiple l
> ines to verify the prefix handling.

