| Left | Center | Right |
| :---- | :------: | -----: |
| L    |   C    |     R |
| LL   |   CC   |    RR |

