- Parent A

- Child A1

- Child A2

1. Parent B

1. Child B1

2. Child B2

