> Outer quote line one that should wrap 
> to next.

> > Inner quote line wrapped as well.

