Inlined: x² + αi and a⁄b, √(x), and ³√(y
).

Display: 
d⁄dx√(x) = 1⁄2√(x)


