Inline matrix: (  a   b ;  c   d  ).

Display: 
(  1     22  )
(  333   4   )

