Inline: a ≤ b → c, A ⊆ B ⇒ a ∉ C, 1,2,…,
n, x ≈ y.
