Inline sums: ∑i₌₁ⁿ i and ∏j₌₁³ j.

Display: 
m
∑
k=0
k
---
k+1
