Inline: [  a   b ;  c   d  ] and |  1   
2 ;  3   4  |.

Display: 
[  11   2    ]
[  3    444  ]
