More accents: á, è, ŭ, č, ẋ, ÿ, z̲.

Dots and products: a · b, a · b, f ∘ g, 
x • y.
